2026-06-20 09:58:37,487 [INFO] 📱 APP 二维码获取成功
2026-06-20 09:58:37,721 [INFO] 📱 微信 UUID 获取成功
